This is pdfTeX, Version 3.141592653-2.6-1.40.28 (TeX Live 2025) (preloaded format=pdflatex 2026.1.17)  21 JAN 2026 00:39
entering extended mode
 restricted \write18 enabled.
 %&-line parsing enabled.
**kubernetes.tex
(./kubernetes.tex
LaTeX2e <2025-11-01>
L3 programming layer <2025-12-29>
(c:/Users/JSchmidt/texlive/texlive/2025/texmf-dist/tex/latex/beamer/beamer.cls
Document Class: beamer 2025/08/13 v3.76 A class for typesetting presentations

(c:/Users/JSchmidt/texlive/texlive/2025/texmf-dist/tex/latex/beamer/beamerbasem
odes.sty
(c:/Users/JSchmidt/texlive/texlive/2025/texmf-dist/tex/latex/etoolbox/etoolbox.
sty
Package: etoolbox 2025/10/02 v2.5m e-TeX tools for LaTeX (JAW)
\etb@tempcnta=\count275
)
\beamer@tempbox=\box53
\beamer@tempcount=\count276
\c@beamerpauses=\count277

(c:/Users/JSchmidt/texlive/texlive/2025/texmf-dist/tex/latex/beamer/beamerbased
ecode.sty
\beamer@slideinframe=\count278
\beamer@minimum=\count279
\beamer@decode@box=\box54
)
\beamer@commentbox=\box55
\beamer@modecount=\count280
)
(c:/Users/JSchmidt/texlive/texlive/2025/texmf-dist/tex/generic/iftex/iftex.sty
Package: iftex 2024/12/12 v1.0g TeX engine tests
)
\headdp=\dimen148
\footheight=\dimen149
\sidebarheight=\dimen150
\beamer@tempdim=\dimen151
\beamer@finalheight=\dimen152
\beamer@animht=\dimen153
\beamer@animdp=\dimen154
\beamer@animwd=\dimen155
\beamer@leftmargin=\dimen156
\beamer@rightmargin=\dimen157
\beamer@leftsidebar=\dimen158
\beamer@rightsidebar=\dimen159
\beamer@boxsize=\dimen160
\beamer@vboxoffset=\dimen161
\beamer@descdefault=\dimen162
\beamer@descriptionwidth=\dimen163
\beamer@lastskip=\skip49
\beamer@areabox=\box56
\beamer@animcurrent=\box57
\beamer@animshowbox=\box58
\beamer@sectionbox=\box59
\beamer@logobox=\box60
\beamer@linebox=\box61
\beamer@sectioncount=\count281
\beamer@subsubsectionmax=\count282
\beamer@subsectionmax=\count283
\beamer@sectionmax=\count284
\beamer@totalheads=\count285
\beamer@headcounter=\count286
\beamer@partstartpage=\count287
\beamer@sectionstartpage=\count288
\beamer@subsectionstartpage=\count289
\beamer@animationtempa=\count290
\beamer@animationtempb=\count291
\beamer@xpos=\count292
\beamer@ypos=\count293
\beamer@ypos@offset=\count294
\beamer@showpartnumber=\count295
\beamer@currentsubsection=\count296
\beamer@coveringdepth=\count297
\beamer@sectionadjust=\count298
\beamer@toclastsection=\count299
\beamer@tocsectionnumber=\count300

(c:/Users/JSchmidt/texlive/texlive/2025/texmf-dist/tex/latex/beamer/beamerbaseo
ptions.sty
(c:/Users/JSchmidt/texlive/texlive/2025/texmf-dist/tex/latex/graphics/keyval.st
y
Package: keyval 2022/05/29 v1.15 key=value parser (DPC)
\KV@toks@=\toks17
))
\beamer@paperwidth=\skip50
\beamer@paperheight=\skip51

(c:/Users/JSchmidt/texlive/texlive/2025/texmf-dist/tex/latex/geometry/geometry.
sty
Package: geometry 2020/01/02 v5.9 Page Geometry

(c:/Users/JSchmidt/texlive/texlive/2025/texmf-dist/tex/generic/iftex/ifvtex.sty
Package: ifvtex 2019/10/25 v1.7 ifvtex legacy package. Use iftex instead.
)
\Gm@cnth=\count301
\Gm@cntv=\count302
\c@Gm@tempcnt=\count303
\Gm@bindingoffset=\dimen164
\Gm@wd@mp=\dimen165
\Gm@odd@mp=\dimen166
\Gm@even@mp=\dimen167
\Gm@layoutwidth=\dimen168
\Gm@layoutheight=\dimen169
\Gm@layouthoffset=\dimen170
\Gm@layoutvoffset=\dimen171
\Gm@dimlist=\toks18
)
(c:/Users/JSchmidt/texlive/texlive/2025/texmf-dist/tex/latex/pgf/math/pgfmath.s
ty
(c:/Users/JSchmidt/texlive/texlive/2025/texmf-dist/tex/latex/pgf/utilities/pgfr
cs.sty
(c:/Users/JSchmidt/texlive/texlive/2025/texmf-dist/tex/generic/pgf/utilities/pg
futil-common.tex
\pgfutil@everybye=\toks19
\pgfutil@tempdima=\dimen172
\pgfutil@tempdimb=\dimen173
)
(c:/Users/JSchmidt/texlive/texlive/2025/texmf-dist/tex/generic/pgf/utilities/pg
futil-latex.def
\pgfutil@abb=\box62
)
(c:/Users/JSchmidt/texlive/texlive/2025/texmf-dist/tex/generic/pgf/utilities/pg
frcs.code.tex
(c:/Users/JSchmidt/texlive/texlive/2025/texmf-dist/tex/generic/pgf/pgf.revision
.tex)
Package: pgfrcs 2025-08-29 v3.1.11a (3.1.11a)
))
(c:/Users/JSchmidt/texlive/texlive/2025/texmf-dist/tex/latex/pgf/utilities/pgfk
eys.sty
(c:/Users/JSchmidt/texlive/texlive/2025/texmf-dist/tex/generic/pgf/utilities/pg
fkeys.code.tex
\pgfkeys@pathtoks=\toks20
\pgfkeys@temptoks=\toks21

(c:/Users/JSchmidt/texlive/texlive/2025/texmf-dist/tex/generic/pgf/utilities/pg
fkeyslibraryfiltered.code.tex
\pgfkeys@tmptoks=\toks22
)))
(c:/Users/JSchmidt/texlive/texlive/2025/texmf-dist/tex/generic/pgf/math/pgfmath
.code.tex
(c:/Users/JSchmidt/texlive/texlive/2025/texmf-dist/tex/generic/pgf/math/pgfmath
util.code.tex
\pgf@x=\dimen174
\pgf@xa=\dimen175
\pgf@xb=\dimen176
\pgf@xc=\dimen177
\pgf@y=\dimen178
\pgf@ya=\dimen179
\pgf@yb=\dimen180
\pgf@yc=\dimen181
\c@pgf@counta=\count304
\c@pgf@countb=\count305
\c@pgf@countc=\count306
\c@pgf@countd=\count307
)
(c:/Users/JSchmidt/texlive/texlive/2025/texmf-dist/tex/generic/pgf/math/pgfmath
parser.code.tex
\pgfmath@dimen=\dimen182
\pgfmath@count=\count308
\pgfmath@box=\box63
\pgfmath@toks=\toks23
\pgfmath@stack@operand=\toks24
\pgfmath@stack@operation=\toks25
)
(c:/Users/JSchmidt/texlive/texlive/2025/texmf-dist/tex/generic/pgf/math/pgfmath
functions.code.tex)
(c:/Users/JSchmidt/texlive/texlive/2025/texmf-dist/tex/generic/pgf/math/pgfmath
functions.basic.code.tex)
(c:/Users/JSchmidt/texlive/texlive/2025/texmf-dist/tex/generic/pgf/math/pgfmath
functions.trigonometric.code.tex)
(c:/Users/JSchmidt/texlive/texlive/2025/texmf-dist/tex/generic/pgf/math/pgfmath
functions.random.code.tex)
(c:/Users/JSchmidt/texlive/texlive/2025/texmf-dist/tex/generic/pgf/math/pgfmath
functions.comparison.code.tex)
(c:/Users/JSchmidt/texlive/texlive/2025/texmf-dist/tex/generic/pgf/math/pgfmath
functions.base.code.tex)
(c:/Users/JSchmidt/texlive/texlive/2025/texmf-dist/tex/generic/pgf/math/pgfmath
functions.round.code.tex)
(c:/Users/JSchmidt/texlive/texlive/2025/texmf-dist/tex/generic/pgf/math/pgfmath
functions.misc.code.tex)
(c:/Users/JSchmidt/texlive/texlive/2025/texmf-dist/tex/generic/pgf/math/pgfmath
functions.integerarithmetics.code.tex)
(c:/Users/JSchmidt/texlive/texlive/2025/texmf-dist/tex/generic/pgf/math/pgfmath
calc.code.tex)
(c:/Users/JSchmidt/texlive/texlive/2025/texmf-dist/tex/generic/pgf/math/pgfmath
float.code.tex
\c@pgfmathroundto@lastzeros=\count309
)))
(c:/Users/JSchmidt/texlive/texlive/2025/texmf-dist/tex/latex/base/size11.clo
File: size11.clo 2025/01/22 v1.4n Standard LaTeX file (size option)
)
(c:/Users/JSchmidt/texlive/texlive/2025/texmf-dist/tex/latex/pgf/basiclayer/pgf
core.sty
(c:/Users/JSchmidt/texlive/texlive/2025/texmf-dist/tex/latex/graphics/graphicx.
sty
Package: graphicx 2024/12/31 v1.2e Enhanced LaTeX Graphics (DPC,SPQR)

(c:/Users/JSchmidt/texlive/texlive/2025/texmf-dist/tex/latex/graphics/graphics.
sty
Package: graphics 2024/08/06 v1.4g Standard LaTeX Graphics (DPC,SPQR)

(c:/Users/JSchmidt/texlive/texlive/2025/texmf-dist/tex/latex/graphics/trig.sty
Package: trig 2023/12/02 v1.11 sin cos tan (DPC)
)
(c:/Users/JSchmidt/texlive/texlive/2025/texmf-dist/tex/latex/graphics-cfg/graph
ics.cfg
File: graphics.cfg 2016/06/04 v1.11 sample graphics configuration
)
Package graphics Info: Driver file: pdftex.def on input line 106.

(c:/Users/JSchmidt/texlive/texlive/2025/texmf-dist/tex/latex/graphics-def/pdfte
x.def
File: pdftex.def 2025/09/29 v1.2d Graphics/color driver for pdftex
))
\Gin@req@height=\dimen183
\Gin@req@width=\dimen184
)
(c:/Users/JSchmidt/texlive/texlive/2025/texmf-dist/tex/latex/pgf/systemlayer/pg
fsys.sty
(c:/Users/JSchmidt/texlive/texlive/2025/texmf-dist/tex/generic/pgf/systemlayer/
pgfsys.code.tex
Package: pgfsys 2025-08-29 v3.1.11a (3.1.11a)
\pgf@x=\dimen185
\pgf@y=\dimen186
\pgf@xa=\dimen187
\pgf@ya=\dimen188
\pgf@xb=\dimen189
\pgf@yb=\dimen190
\pgf@xc=\dimen191
\pgf@yc=\dimen192
\pgf@xd=\dimen193
\pgf@yd=\dimen194
\w@pgf@writea=\write3
\r@pgf@reada=\read2
\c@pgf@counta=\count310
\c@pgf@countb=\count311
\c@pgf@countc=\count312
\c@pgf@countd=\count313
\t@pgf@toka=\toks26
\t@pgf@tokb=\toks27
\t@pgf@tokc=\toks28
\pgf@sys@id@count=\count314

(c:/Users/JSchmidt/texlive/texlive/2025/texmf-dist/tex/generic/pgf/systemlayer/
pgf.cfg
File: pgf.cfg 2025-08-29 v3.1.11a (3.1.11a)
)
Driver file for pgf: pgfsys-pdftex.def

(c:/Users/JSchmidt/texlive/texlive/2025/texmf-dist/tex/generic/pgf/systemlayer/
pgfsys-pdftex.def
File: pgfsys-pdftex.def 2025-08-29 v3.1.11a (3.1.11a)

(c:/Users/JSchmidt/texlive/texlive/2025/texmf-dist/tex/generic/pgf/systemlayer/
pgfsys-common-pdf.def
File: pgfsys-common-pdf.def 2025-08-29 v3.1.11a (3.1.11a)
)))
(c:/Users/JSchmidt/texlive/texlive/2025/texmf-dist/tex/generic/pgf/systemlayer/
pgfsyssoftpath.code.tex
File: pgfsyssoftpath.code.tex 2025-08-29 v3.1.11a (3.1.11a)
\pgfsyssoftpath@smallbuffer@items=\count315
\pgfsyssoftpath@bigbuffer@items=\count316
)
(c:/Users/JSchmidt/texlive/texlive/2025/texmf-dist/tex/generic/pgf/systemlayer/
pgfsysprotocol.code.tex
File: pgfsysprotocol.code.tex 2025-08-29 v3.1.11a (3.1.11a)
))
(c:/Users/JSchmidt/texlive/texlive/2025/texmf-dist/tex/latex/xcolor/xcolor.sty
Package: xcolor 2024/09/29 v3.02 LaTeX color extensions (UK)

(c:/Users/JSchmidt/texlive/texlive/2025/texmf-dist/tex/latex/graphics-cfg/color
.cfg
File: color.cfg 2016/01/02 v1.6 sample color configuration
)
Package xcolor Info: Driver file: pdftex.def on input line 274.

(c:/Users/JSchmidt/texlive/texlive/2025/texmf-dist/tex/latex/graphics/mathcolor
.ltx)
Package xcolor Info: Model `cmy' substituted by `cmy0' on input line 1349.
Package xcolor Info: Model `hsb' substituted by `rgb' on input line 1353.
Package xcolor Info: Model `RGB' extended on input line 1365.
Package xcolor Info: Model `HTML' substituted by `rgb' on input line 1367.
Package xcolor Info: Model `Hsb' substituted by `hsb' on input line 1368.
Package xcolor Info: Model `tHsb' substituted by `hsb' on input line 1369.
Package xcolor Info: Model `HSB' substituted by `hsb' on input line 1370.
Package xcolor Info: Model `Gray' substituted by `gray' on input line 1371.
Package xcolor Info: Model `wave' substituted by `hsb' on input line 1372.
)
(c:/Users/JSchmidt/texlive/texlive/2025/texmf-dist/tex/generic/pgf/basiclayer/p
gfcore.code.tex
Package: pgfcore 2025-08-29 v3.1.11a (3.1.11a)

(c:/Users/JSchmidt/texlive/texlive/2025/texmf-dist/tex/generic/pgf/math/pgfint.
code.tex)
(c:/Users/JSchmidt/texlive/texlive/2025/texmf-dist/tex/generic/pgf/basiclayer/p
gfcorepoints.code.tex
File: pgfcorepoints.code.tex 2025-08-29 v3.1.11a (3.1.11a)
\pgf@picminx=\dimen195
\pgf@picmaxx=\dimen196
\pgf@picminy=\dimen197
\pgf@picmaxy=\dimen198
\pgf@pathminx=\dimen199
\pgf@pathmaxx=\dimen256
\pgf@pathminy=\dimen257
\pgf@pathmaxy=\dimen258
\pgf@xx=\dimen259
\pgf@xy=\dimen260
\pgf@yx=\dimen261
\pgf@yy=\dimen262
\pgf@zx=\dimen263
\pgf@zy=\dimen264
)
(c:/Users/JSchmidt/texlive/texlive/2025/texmf-dist/tex/generic/pgf/basiclayer/p
gfcorepathconstruct.code.tex
File: pgfcorepathconstruct.code.tex 2025-08-29 v3.1.11a (3.1.11a)
\pgf@path@lastx=\dimen265
\pgf@path@lasty=\dimen266
)
(c:/Users/JSchmidt/texlive/texlive/2025/texmf-dist/tex/generic/pgf/basiclayer/p
gfcorepathusage.code.tex
File: pgfcorepathusage.code.tex 2025-08-29 v3.1.11a (3.1.11a)
\pgf@shorten@end@additional=\dimen267
\pgf@shorten@start@additional=\dimen268
)
(c:/Users/JSchmidt/texlive/texlive/2025/texmf-dist/tex/generic/pgf/basiclayer/p
gfcorescopes.code.tex
File: pgfcorescopes.code.tex 2025-08-29 v3.1.11a (3.1.11a)
\pgfpic=\box64
\pgf@hbox=\box65
\pgf@layerbox@main=\box66
\pgf@picture@serial@count=\count317
)
(c:/Users/JSchmidt/texlive/texlive/2025/texmf-dist/tex/generic/pgf/basiclayer/p
gfcoregraphicstate.code.tex
File: pgfcoregraphicstate.code.tex 2025-08-29 v3.1.11a (3.1.11a)
\pgflinewidth=\dimen269
)
(c:/Users/JSchmidt/texlive/texlive/2025/texmf-dist/tex/generic/pgf/basiclayer/p
gfcoretransformations.code.tex
File: pgfcoretransformations.code.tex 2025-08-29 v3.1.11a (3.1.11a)
\pgf@pt@x=\dimen270
\pgf@pt@y=\dimen271
\pgf@pt@temp=\dimen272
)
(c:/Users/JSchmidt/texlive/texlive/2025/texmf-dist/tex/generic/pgf/basiclayer/p
gfcorequick.code.tex
File: pgfcorequick.code.tex 2025-08-29 v3.1.11a (3.1.11a)
)
(c:/Users/JSchmidt/texlive/texlive/2025/texmf-dist/tex/generic/pgf/basiclayer/p
gfcoreobjects.code.tex
File: pgfcoreobjects.code.tex 2025-08-29 v3.1.11a (3.1.11a)
)
(c:/Users/JSchmidt/texlive/texlive/2025/texmf-dist/tex/generic/pgf/basiclayer/p
gfcorepathprocessing.code.tex
File: pgfcorepathprocessing.code.tex 2025-08-29 v3.1.11a (3.1.11a)
)
(c:/Users/JSchmidt/texlive/texlive/2025/texmf-dist/tex/generic/pgf/basiclayer/p
gfcorearrows.code.tex
File: pgfcorearrows.code.tex 2025-08-29 v3.1.11a (3.1.11a)
\pgfarrowsep=\dimen273
)
(c:/Users/JSchmidt/texlive/texlive/2025/texmf-dist/tex/generic/pgf/basiclayer/p
gfcoreshade.code.tex
File: pgfcoreshade.code.tex 2025-08-29 v3.1.11a (3.1.11a)
\pgf@max=\dimen274
\pgf@sys@shading@range@num=\count318
\pgf@shadingcount=\count319
)
(c:/Users/JSchmidt/texlive/texlive/2025/texmf-dist/tex/generic/pgf/basiclayer/p
gfcoreimage.code.tex
File: pgfcoreimage.code.tex 2025-08-29 v3.1.11a (3.1.11a)
)
(c:/Users/JSchmidt/texlive/texlive/2025/texmf-dist/tex/generic/pgf/basiclayer/p
gfcoreexternal.code.tex
File: pgfcoreexternal.code.tex 2025-08-29 v3.1.11a (3.1.11a)
\pgfexternal@startupbox=\box67
)
(c:/Users/JSchmidt/texlive/texlive/2025/texmf-dist/tex/generic/pgf/basiclayer/p
gfcorelayers.code.tex
File: pgfcorelayers.code.tex 2025-08-29 v3.1.11a (3.1.11a)
)
(c:/Users/JSchmidt/texlive/texlive/2025/texmf-dist/tex/generic/pgf/basiclayer/p
gfcoretransparency.code.tex
File: pgfcoretransparency.code.tex 2025-08-29 v3.1.11a (3.1.11a)
)
(c:/Users/JSchmidt/texlive/texlive/2025/texmf-dist/tex/generic/pgf/basiclayer/p
gfcorepatterns.code.tex
File: pgfcorepatterns.code.tex 2025-08-29 v3.1.11a (3.1.11a)
)
(c:/Users/JSchmidt/texlive/texlive/2025/texmf-dist/tex/generic/pgf/basiclayer/p
gfcorerdf.code.tex
File: pgfcorerdf.code.tex 2025-08-29 v3.1.11a (3.1.11a)
)))
(c:/Users/JSchmidt/texlive/texlive/2025/texmf-dist/tex/latex/pgf/utilities/xxco
lor.sty
Package: xxcolor 2003/10/24 ver 0.1
\XC@nummixins=\count320
\XC@countmixins=\count321
)
(c:/Users/JSchmidt/texlive/texlive/2025/texmf-dist/tex/latex/base/atbegshi-ltx.
sty
Package: atbegshi-ltx 2021/01/10 v1.0c Emulation of the original atbegshi
package with kernel methods
)
(c:/Users/JSchmidt/texlive/texlive/2025/texmf-dist/tex/latex/hyperref/hyperref.
sty
Package: hyperref 2025-07-12 v7.01o Hypertext links for LaTeX

(c:/Users/JSchmidt/texlive/texlive/2025/texmf-dist/tex/latex/kvsetkeys/kvsetkey
s.sty
Package: kvsetkeys 2022-10-05 v1.19 Key value parser (HO)
)
(c:/Users/JSchmidt/texlive/texlive/2025/texmf-dist/tex/generic/kvdefinekeys/kvd
efinekeys.sty
Package: kvdefinekeys 2019-12-19 v1.6 Define keys (HO)
)
(c:/Users/JSchmidt/texlive/texlive/2025/texmf-dist/tex/generic/pdfescape/pdfesc
ape.sty
Package: pdfescape 2019/12/09 v1.15 Implements pdfTeX's escape features (HO)

(c:/Users/JSchmidt/texlive/texlive/2025/texmf-dist/tex/generic/ltxcmds/ltxcmds.
sty
Package: ltxcmds 2023-12-04 v1.26 LaTeX kernel commands for general use (HO)
)
(c:/Users/JSchmidt/texlive/texlive/2025/texmf-dist/tex/generic/pdftexcmds/pdfte
xcmds.sty
Package: pdftexcmds 2020-06-27 v0.33 Utility functions of pdfTeX for LuaTeX (HO
)

(c:/Users/JSchmidt/texlive/texlive/2025/texmf-dist/tex/generic/infwarerr/infwar
err.sty
Package: infwarerr 2019/12/03 v1.5 Providing info/warning/error messages (HO)
)
Package pdftexcmds Info: \pdf@primitive is available.
Package pdftexcmds Info: \pdf@ifprimitive is available.
Package pdftexcmds Info: \pdfdraftmode found.
))
(c:/Users/JSchmidt/texlive/texlive/2025/texmf-dist/tex/latex/hycolor/hycolor.st
y
Package: hycolor 2020-01-27 v1.10 Color options for hyperref/bookmark (HO)
)
(c:/Users/JSchmidt/texlive/texlive/2025/texmf-dist/tex/latex/hyperref/nameref.s
ty
Package: nameref 2025-06-21 v2.57 Cross-referencing by name of section

(c:/Users/JSchmidt/texlive/texlive/2025/texmf-dist/tex/latex/refcount/refcount.
sty
Package: refcount 2019/12/15 v3.6 Data extraction from label references (HO)
)
(c:/Users/JSchmidt/texlive/texlive/2025/texmf-dist/tex/generic/gettitlestring/g
ettitlestring.sty
Package: gettitlestring 2019/12/15 v1.6 Cleanup title references (HO)

(c:/Users/JSchmidt/texlive/texlive/2025/texmf-dist/tex/latex/kvoptions/kvoption
s.sty
Package: kvoptions 2022-06-15 v3.15 Key value format for package options (HO)
))
\c@section@level=\count322
)
(c:/Users/JSchmidt/texlive/texlive/2025/texmf-dist/tex/generic/stringenc/string
enc.sty
Package: stringenc 2019/11/29 v1.12 Convert strings between diff. encodings (HO
)
)
\@linkdim=\dimen275
\Hy@linkcounter=\count323
\Hy@pagecounter=\count324

(c:/Users/JSchmidt/texlive/texlive/2025/texmf-dist/tex/latex/hyperref/pd1enc.de
f
File: pd1enc.def 2025-07-12 v7.01o Hyperref: PDFDocEncoding definition (HO)
Now handling font encoding PD1 ...
... no UTF-8 mapping file for font encoding PD1
)
(c:/Users/JSchmidt/texlive/texlive/2025/texmf-dist/tex/generic/intcalc/intcalc.
sty
Package: intcalc 2019/12/15 v1.3 Expandable calculations with integers (HO)
)
\Hy@SavedSpaceFactor=\count325

(c:/Users/JSchmidt/texlive/texlive/2025/texmf-dist/tex/latex/hyperref/puenc.def
File: puenc.def 2025-07-12 v7.01o Hyperref: PDF Unicode definition (HO)
Now handling font encoding PU ...
... no UTF-8 mapping file for font encoding PU
)
Package hyperref Info: Option `bookmarks' set `true' on input line 4066.
Package hyperref Info: Option `bookmarksopen' set `true' on input line 4066.
Package hyperref Info: Option `implicit' set `false' on input line 4066.
Package hyperref Info: Hyper figures OFF on input line 4195.
Package hyperref Info: Link nesting OFF on input line 4200.
Package hyperref Info: Hyper index ON on input line 4203.
Package hyperref Info: Plain pages OFF on input line 4210.
Package hyperref Info: Backreferencing OFF on input line 4215.
Package hyperref Info: Implicit mode OFF; no redefinition of LaTeX internals.
Package hyperref Info: Bookmarks ON on input line 4462.
\c@Hy@tempcnt=\count326
 (c:/Users/JSchmidt/texlive/texlive/2025/texmf-dist/tex/latex/url/url.sty
\Urlmuskip=\muskip17
Package: url 2013/09/16  ver 3.4  Verb mode for urls, etc.
)
LaTeX Info: Redefining \url on input line 4801.
\XeTeXLinkMargin=\dimen276

(c:/Users/JSchmidt/texlive/texlive/2025/texmf-dist/tex/generic/bitset/bitset.st
y
Package: bitset 2019/12/09 v1.3 Handle bit-vector datatype (HO)

(c:/Users/JSchmidt/texlive/texlive/2025/texmf-dist/tex/generic/bigintcalc/bigin
tcalc.sty
Package: bigintcalc 2019/12/15 v1.5 Expandable calculations on big integers (HO
)
))
\Fld@menulength=\count327
\Field@Width=\dimen277
\Fld@charsize=\dimen278
Package hyperref Info: Hyper figures OFF on input line 6078.
Package hyperref Info: Link nesting OFF on input line 6083.
Package hyperref Info: Hyper index ON on input line 6086.
Package hyperref Info: backreferencing OFF on input line 6093.
Package hyperref Info: Link coloring OFF on input line 6098.
Package hyperref Info: Link coloring with OCG OFF on input line 6103.
Package hyperref Info: PDF/A mode OFF on input line 6108.
\Hy@abspage=\count328


Package hyperref Message: Stopped early.

)
Package hyperref Info: Driver (autodetected): hpdftex.

(c:/Users/JSchmidt/texlive/texlive/2025/texmf-dist/tex/latex/hyperref/hpdftex.d
ef
File: hpdftex.def 2025-07-12 v7.01o Hyperref driver for pdfTeX
\Fld@listcount=\count329
\c@bookmark@seq@number=\count330

(c:/Users/JSchmidt/texlive/texlive/2025/texmf-dist/tex/latex/rerunfilecheck/rer
unfilecheck.sty
Package: rerunfilecheck 2025-06-21 v1.11 Rerun checks for auxiliary files (HO)

(c:/Users/JSchmidt/texlive/texlive/2025/texmf-dist/tex/generic/uniquecounter/un
iquecounter.sty
Package: uniquecounter 2019/12/15 v1.4 Provide unlimited unique counter (HO)
)
Package uniquecounter Info: New unique counter `rerunfilecheck' on input line 2
84.
))
(c:/Users/JSchmidt/texlive/texlive/2025/texmf-dist/tex/latex/beamer/beamerbaser
equires.sty
(c:/Users/JSchmidt/texlive/texlive/2025/texmf-dist/tex/latex/beamer/beamerbasec
ompatibility.sty)
(c:/Users/JSchmidt/texlive/texlive/2025/texmf-dist/tex/latex/beamer/beamerbasef
ont.sty
(c:/Users/JSchmidt/texlive/texlive/2025/texmf-dist/tex/latex/amsfonts/amssymb.s
ty
Package: amssymb 2013/01/14 v3.01 AMS font symbols

(c:/Users/JSchmidt/texlive/texlive/2025/texmf-dist/tex/latex/amsfonts/amsfonts.
sty
Package: amsfonts 2013/01/14 v3.01 Basic AMSFonts support
\@emptytoks=\toks29
\symAMSa=\mathgroup4
\symAMSb=\mathgroup5
LaTeX Font Info:    Redeclaring math symbol \hbar on input line 98.
LaTeX Font Info:    Overwriting math alphabet `\mathfrak' in version `bold'
(Font)                  U/euf/m/n --> U/euf/b/n on input line 106.
))
(c:/Users/JSchmidt/texlive/texlive/2025/texmf-dist/tex/latex/sansmathaccent/san
smathaccent.sty
Package: sansmathaccent 2020/01/31

(c:/Users/JSchmidt/texlive/texlive/2025/texmf-dist/tex/latex/koma-script/scrlfi
le.sty
Package: scrlfile 2025/12/01 v3.49 KOMA-Script package (file load hooks)

(c:/Users/JSchmidt/texlive/texlive/2025/texmf-dist/tex/latex/koma-script/scrlfi
le-hook.sty
Package: scrlfile-hook 2025/12/01 v3.49 KOMA-Script package (using LaTeX hooks)


(c:/Users/JSchmidt/texlive/texlive/2025/texmf-dist/tex/latex/koma-script/scrlog
o.sty
Package: scrlogo 2025/12/01 v3.49 KOMA-Script package (logo)
)))))
(c:/Users/JSchmidt/texlive/texlive/2025/texmf-dist/tex/latex/beamer/beamerbaset
ranslator.sty
(c:/Users/JSchmidt/texlive/texlive/2025/texmf-dist/tex/latex/translator/transla
tor.sty
Package: translator 2021-05-31 v1.12d Easy translation of strings in LaTeX
))
(c:/Users/JSchmidt/texlive/texlive/2025/texmf-dist/tex/latex/beamer/beamerbasem
isc.sty)
(c:/Users/JSchmidt/texlive/texlive/2025/texmf-dist/tex/latex/beamer/beamerbaset
woscreens.sty)
(c:/Users/JSchmidt/texlive/texlive/2025/texmf-dist/tex/latex/beamer/beamerbaseo
verlay.sty
\beamer@argscount=\count331
\beamer@lastskipcover=\skip52
\beamer@trivlistdepth=\count332
)
(c:/Users/JSchmidt/texlive/texlive/2025/texmf-dist/tex/latex/beamer/beamerbaset
itle.sty)
(c:/Users/JSchmidt/texlive/texlive/2025/texmf-dist/tex/latex/beamer/beamerbases
ection.sty
\c@lecture=\count333
\c@part=\count334
\c@section=\count335
\c@subsection=\count336
\c@subsubsection=\count337
)
(c:/Users/JSchmidt/texlive/texlive/2025/texmf-dist/tex/latex/beamer/beamerbasef
rame.sty
\beamer@framebox=\box68
\beamer@frametitlebox=\box69
\beamer@zoombox=\box70
\beamer@zoomcount=\count338
\beamer@zoomframecount=\count339
\beamer@frametextheight=\dimen279
\c@subsectionslide=\count340
\beamer@frametopskip=\skip53
\beamer@framebottomskip=\skip54
\beamer@frametopskipautobreak=\skip55
\beamer@framebottomskipautobreak=\skip56
\beamer@envbody=\toks30
\framewidth=\dimen280
\c@framenumber=\count341
)
(c:/Users/JSchmidt/texlive/texlive/2025/texmf-dist/tex/latex/beamer/beamerbasev
erbatim.sty
\beamer@verbatimfileout=\write4
)
(c:/Users/JSchmidt/texlive/texlive/2025/texmf-dist/tex/latex/beamer/beamerbasef
ramesize.sty
\beamer@splitbox=\box71
\beamer@autobreakcount=\count342
\beamer@autobreaklastheight=\dimen281
\beamer@frametitletoks=\toks31
\beamer@framesubtitletoks=\toks32
)
(c:/Users/JSchmidt/texlive/texlive/2025/texmf-dist/tex/latex/beamer/beamerbasef
ramecomponents.sty
\beamer@colheight=\skip57
\beamer@footins=\box72
)
(c:/Users/JSchmidt/texlive/texlive/2025/texmf-dist/tex/latex/beamer/beamerbasec
olor.sty)
(c:/Users/JSchmidt/texlive/texlive/2025/texmf-dist/tex/latex/beamer/beamerbasen
otes.sty
\beamer@frameboxcopy=\box73
)
(c:/Users/JSchmidt/texlive/texlive/2025/texmf-dist/tex/latex/beamer/beamerbaset
oc.sty)
(c:/Users/JSchmidt/texlive/texlive/2025/texmf-dist/tex/latex/beamer/beamerbaset
emplates.sty
\beamer@sbttoks=\toks33

(c:/Users/JSchmidt/texlive/texlive/2025/texmf-dist/tex/latex/beamer/beamerbasea
uxtemplates.sty
(c:/Users/JSchmidt/texlive/texlive/2025/texmf-dist/tex/latex/beamer/beamerbaseb
oxes.sty
\bmb@box=\box74
\bmb@colorbox=\box75
\bmb@boxwidth=\dimen282
\bmb@boxheight=\dimen283
\bmb@prevheight=\dimen284
\bmb@temp=\dimen285
\bmb@dima=\dimen286
\bmb@dimb=\dimen287
\bmb@prevheight=\dimen288
)
\beamer@blockheadheight=\dimen289
))
(c:/Users/JSchmidt/texlive/texlive/2025/texmf-dist/tex/latex/beamer/beamerbasel
ocalstructure.sty
(c:/Users/JSchmidt/texlive/texlive/2025/texmf-dist/tex/latex/tools/enumerate.st
y
Package: enumerate 2023/07/04 v3.00 enumerate extensions (DPC)
\@enLab=\toks34
)
\beamer@bibiconwidth=\skip58
\c@figure=\count343
\c@table=\count344
\abovecaptionskip=\skip59
\belowcaptionskip=\skip60
)
(c:/Users/JSchmidt/texlive/texlive/2025/texmf-dist/tex/latex/beamer/beamerbasen
avigation.sty
(c:/Users/JSchmidt/texlive/texlive/2025/texmf-dist/tex/latex/beamer/beamerbasen
avigationsymbols.tex)
\beamer@section@min@dim=\dimen290
)
(c:/Users/JSchmidt/texlive/texlive/2025/texmf-dist/tex/latex/beamer/beamerbaset
heorems.sty
(c:/Users/JSchmidt/texlive/texlive/2025/texmf-dist/tex/latex/amsmath/amsmath.st
y
Package: amsmath 2025/07/09 v2.17z AMS math features
\@mathmargin=\skip61

For additional information on amsmath, use the `?' option.

(c:/Users/JSchmidt/texlive/texlive/2025/texmf-dist/tex/latex/amsmath/amstext.st
y
Package: amstext 2024/11/17 v2.01 AMS text

(c:/Users/JSchmidt/texlive/texlive/2025/texmf-dist/tex/latex/amsmath/amsgen.sty
File: amsgen.sty 1999/11/30 v2.0 generic functions
\@emptytoks=\toks35
\ex@=\dimen291
))
(c:/Users/JSchmidt/texlive/texlive/2025/texmf-dist/tex/latex/amsmath/amsbsy.sty
Package: amsbsy 1999/11/29 v1.2d Bold Symbols
\pmbraise@=\dimen292
)
(c:/Users/JSchmidt/texlive/texlive/2025/texmf-dist/tex/latex/amsmath/amsopn.sty
Package: amsopn 2022/04/08 v2.04 operator names
)
\inf@bad=\count345
LaTeX Info: Redefining \frac on input line 233.
\uproot@=\count346
\leftroot@=\count347
LaTeX Info: Redefining \overline on input line 398.
LaTeX Info: Redefining \colon on input line 409.
\classnum@=\count348
\DOTSCASE@=\count349
LaTeX Info: Redefining \ldots on input line 495.
LaTeX Info: Redefining \dots on input line 498.
LaTeX Info: Redefining \cdots on input line 619.
\Mathstrutbox@=\box76
\strutbox@=\box77
LaTeX Info: Redefining \big on input line 721.
LaTeX Info: Redefining \Big on input line 722.
LaTeX Info: Redefining \bigg on input line 723.
LaTeX Info: Redefining \Bigg on input line 724.
\big@size=\dimen293
LaTeX Font Info:    Redeclaring font encoding OML on input line 742.
LaTeX Font Info:    Redeclaring font encoding OMS on input line 743.
\macc@depth=\count350
LaTeX Info: Redefining \bmod on input line 904.
LaTeX Info: Redefining \pmod on input line 909.
LaTeX Info: Redefining \smash on input line 939.
LaTeX Info: Redefining \relbar on input line 969.
LaTeX Info: Redefining \Relbar on input line 970.
\c@MaxMatrixCols=\count351
\dotsspace@=\muskip18
\c@parentequation=\count352
\dspbrk@lvl=\count353
\tag@help=\toks36
\row@=\count354
\column@=\count355
\maxfields@=\count356
\andhelp@=\toks37
\eqnshift@=\dimen294
\alignsep@=\dimen295
\tagshift@=\dimen296
\tagwidth@=\dimen297
\totwidth@=\dimen298
\lineht@=\dimen299
\@envbody=\toks38
\multlinegap=\skip62
\multlinetaggap=\skip63
\mathdisplay@stack=\toks39
LaTeX Info: Redefining \[ on input line 2950.
LaTeX Info: Redefining \] on input line 2951.
)
(c:/Users/JSchmidt/texlive/texlive/2025/texmf-dist/tex/latex/amscls/amsthm.sty
Package: amsthm 2020/05/29 v2.20.6
\thm@style=\toks40
\thm@bodyfont=\toks41
\thm@headfont=\toks42
\thm@notefont=\toks43
\thm@headpunct=\toks44
\thm@preskip=\skip64
\thm@postskip=\skip65
\thm@headsep=\skip66
\dth@everypar=\toks45
)
\c@theorem=\count357
)
(c:/Users/JSchmidt/texlive/texlive/2025/texmf-dist/tex/latex/beamer/beamerbaset
hemes.sty))
(c:/Users/JSchmidt/texlive/texlive/2025/texmf-dist/tex/latex/beamer/beamertheme
default.sty
(c:/Users/JSchmidt/texlive/texlive/2025/texmf-dist/tex/latex/beamer/beamerfontt
hemedefault.sty)
(c:/Users/JSchmidt/texlive/texlive/2025/texmf-dist/tex/latex/beamer/beamercolor
themedefault.sty)
(c:/Users/JSchmidt/texlive/texlive/2025/texmf-dist/tex/latex/beamer/beamerinner
themedefault.sty
\beamer@dima=\dimen300
\beamer@dimb=\dimen301
)
(c:/Users/JSchmidt/texlive/texlive/2025/texmf-dist/tex/latex/beamer/beamerouter
themedefault.sty)))
(c:/Users/JSchmidt/texlive/texlive/2025/texmf-dist/tex/latex/base/inputenc.sty
Package: inputenc 2024/02/08 v1.3d Input encoding file
\inpenc@prehook=\toks46
\inpenc@posthook=\toks47
) (c:/Users/JSchmidt/texlive/texlive/2025/texmf-dist/tex/latex/base/textcomp.st
y
Package: textcomp 2024/04/24 v2.1b Standard LaTeX package
) (c:/Users/JSchmidt/texlive/texlive/2025/texmf-dist/tex/latex/ucs/ucs.sty
Package: ucs 2023/11/09 v2.4 UCS: Unicode input support

(c:/Users/JSchmidt/texlive/texlive/2025/texmf-dist/tex/latex/ucs/data/uni-globa
l.def
File: uni-global.def 2022/08/07 UCS: Unicode global data
LaTeX Encoding Info:    Ignoring declaration for text command \textcommabelow (
encoding ?) on input line 7.
LaTeX Encoding Info:    Ignoring declaration for text command \textdegree (enco
ding ?) on input line 12.
LaTeX Encoding Info:    Ignoring declaration for text command \textonehalf (enc
oding ?) on input line 13.
LaTeX Encoding Info:    Ignoring declaration for text command \textonequarter (
encoding ?) on input line 14.
LaTeX Encoding Info:    Ignoring declaration for text command \textthreequarter
s (encoding ?) on input line 15.
)
\uc@secondtry=\count358
\uc@combtoks=\toks48
\uc@combtoksb=\toks49
\uc@temptokena=\toks50
)
(c:/Users/JSchmidt/texlive/texlive/2025/texmf-dist/tex/latex/pgf/frontendlayer/
tikz.sty
(c:/Users/JSchmidt/texlive/texlive/2025/texmf-dist/tex/latex/pgf/basiclayer/pgf
.sty
Package: pgf 2025-08-29 v3.1.11a (3.1.11a)

(c:/Users/JSchmidt/texlive/texlive/2025/texmf-dist/tex/generic/pgf/modules/pgfm
oduleshapes.code.tex
File: pgfmoduleshapes.code.tex 2025-08-29 v3.1.11a (3.1.11a)
\pgfnodeparttextbox=\box78
)
(c:/Users/JSchmidt/texlive/texlive/2025/texmf-dist/tex/generic/pgf/modules/pgfm
oduleplot.code.tex
File: pgfmoduleplot.code.tex 2025-08-29 v3.1.11a (3.1.11a)
)
(c:/Users/JSchmidt/texlive/texlive/2025/texmf-dist/tex/latex/pgf/compatibility/
pgfcomp-version-0-65.sty
Package: pgfcomp-version-0-65 2025-08-29 v3.1.11a (3.1.11a)
\pgf@nodesepstart=\dimen302
\pgf@nodesepend=\dimen303
)
(c:/Users/JSchmidt/texlive/texlive/2025/texmf-dist/tex/latex/pgf/compatibility/
pgfcomp-version-1-18.sty
Package: pgfcomp-version-1-18 2025-08-29 v3.1.11a (3.1.11a)
))
(c:/Users/JSchmidt/texlive/texlive/2025/texmf-dist/tex/latex/pgf/utilities/pgff
or.sty
(c:/Users/JSchmidt/texlive/texlive/2025/texmf-dist/tex/generic/pgf/utilities/pg
ffor.code.tex
Package: pgffor 2025-08-29 v3.1.11a (3.1.11a)
\pgffor@iter=\dimen304
\pgffor@skip=\dimen305
\pgffor@stack=\toks51
\pgffor@toks=\toks52
))
(c:/Users/JSchmidt/texlive/texlive/2025/texmf-dist/tex/generic/pgf/frontendlaye
r/tikz/tikz.code.tex
Package: tikz 2025-08-29 v3.1.11a (3.1.11a)

(c:/Users/JSchmidt/texlive/texlive/2025/texmf-dist/tex/generic/pgf/libraries/pg
flibraryplothandlers.code.tex
File: pgflibraryplothandlers.code.tex 2025-08-29 v3.1.11a (3.1.11a)
\pgf@plot@mark@count=\count359
\pgfplotmarksize=\dimen306
)
\tikz@lastx=\dimen307
\tikz@lasty=\dimen308
\tikz@lastxsaved=\dimen309
\tikz@lastysaved=\dimen310
\tikz@lastmovetox=\dimen311
\tikz@lastmovetoy=\dimen312
\tikzleveldistance=\dimen313
\tikzsiblingdistance=\dimen314
\tikz@figbox=\box79
\tikz@figbox@bg=\box80
\tikz@tempbox=\box81
\tikz@tempbox@bg=\box82
\tikztreelevel=\count360
\tikznumberofchildren=\count361
\tikznumberofcurrentchild=\count362
\tikz@fig@count=\count363

(c:/Users/JSchmidt/texlive/texlive/2025/texmf-dist/tex/generic/pgf/modules/pgfm
odulematrix.code.tex
File: pgfmodulematrix.code.tex 2025-08-29 v3.1.11a (3.1.11a)
\pgfmatrixcurrentrow=\count364
\pgfmatrixcurrentcolumn=\count365
\pgf@matrix@numberofcolumns=\count366
)
\tikz@expandcount=\count367

(c:/Users/JSchmidt/texlive/texlive/2025/texmf-dist/tex/generic/pgf/frontendlaye
r/tikz/libraries/tikzlibrarytopaths.code.tex
File: tikzlibrarytopaths.code.tex 2025-08-29 v3.1.11a (3.1.11a)
)))
(c:/Users/JSchmidt/texlive/texlive/2025/texmf-dist/tex/latex/listings/listings.
sty
\lst@mode=\count368
\lst@gtempboxa=\box83
\lst@token=\toks53
\lst@length=\count369
\lst@currlwidth=\dimen315
\lst@column=\count370
\lst@pos=\count371
\lst@lostspace=\dimen316
\lst@width=\dimen317
\lst@newlines=\count372
\lst@lineno=\count373
\lst@maxwidth=\dimen318

(c:/Users/JSchmidt/texlive/texlive/2025/texmf-dist/tex/latex/listings/lstpatch.
sty
File: lstpatch.sty 2025/11/14 1.11b (Carsten Heinz)
)
(c:/Users/JSchmidt/texlive/texlive/2025/texmf-dist/tex/latex/listings/lstmisc.s
ty
File: lstmisc.sty 2025/11/14 1.11b (Carsten Heinz)
\c@lstnumber=\count374
\lst@skipnumbers=\count375
\lst@framebox=\box84
)
(c:/Users/JSchmidt/texlive/texlive/2025/texmf-dist/tex/latex/listings/listings.
cfg
File: listings.cfg 2025/11/14 1.11b listings configuration
))
Package: listings 2025/11/14 1.11b (Carsten Heinz)

==> First Aid for listings.sty no longer applied!
    Expected:
        2024/09/23 1.10c (Carsten Heinz)
    but found:
        2025/11/14 1.11b (Carsten Heinz)
    so I'm assuming it got fixed.

(c:/Users/JSchmidt/texlive/texlive/2025/texmf-dist/tex/latex/l3backend/l3backen
d-pdftex.def
File: l3backend-pdftex.def 2025-10-09 L3 backend support: PDF output (pdfTeX)
\l__color_backend_stack_int=\count376
) (./kubernetes.aux)
\openout1 = `kubernetes.aux'.

LaTeX Font Info:    Checking defaults for OML/cmm/m/it on input line 33.
LaTeX Font Info:    ... okay on input line 33.
LaTeX Font Info:    Checking defaults for OMS/cmsy/m/n on input line 33.
LaTeX Font Info:    ... okay on input line 33.
LaTeX Font Info:    Checking defaults for OT1/cmr/m/n on input line 33.
LaTeX Font Info:    ... okay on input line 33.
LaTeX Font Info:    Checking defaults for T1/cmr/m/n on input line 33.
LaTeX Font Info:    ... okay on input line 33.
LaTeX Font Info:    Checking defaults for TS1/cmr/m/n on input line 33.
LaTeX Font Info:    ... okay on input line 33.
LaTeX Font Info:    Checking defaults for OMX/cmex/m/n on input line 33.
LaTeX Font Info:    ... okay on input line 33.
LaTeX Font Info:    Checking defaults for U/cmr/m/n on input line 33.
LaTeX Font Info:    ... okay on input line 33.
LaTeX Font Info:    Checking defaults for PD1/pdf/m/n on input line 33.
LaTeX Font Info:    ... okay on input line 33.
LaTeX Font Info:    Checking defaults for PU/pdf/m/n on input line 33.
LaTeX Font Info:    ... okay on input line 33.

*geometry* driver: auto-detecting
*geometry* detected driver: pdftex
*geometry* verbose mode - [ preamble ] result:
* driver: pdftex
* paper: custom
* layout: <same size as paper>
* layoutoffset:(h,v)=(0.0pt,0.0pt)
* modes: includehead includefoot 
* h-part:(L,W,R)=(28.45274pt, 307.28987pt, 28.45274pt)
* v-part:(T,H,B)=(0.0pt, 273.14662pt, 0.0pt)
* \paperwidth=364.19536pt
* \paperheight=273.14662pt
* \textwidth=307.28987pt
* \textheight=244.6939pt
* \oddsidemargin=-43.81725pt
* \evensidemargin=-43.81725pt
* \topmargin=-72.26999pt
* \headheight=14.22636pt
* \headsep=0.0pt
* \topskip=11.0pt
* \footskip=14.22636pt
* \marginparwidth=4.0pt
* \marginparsep=10.0pt
* \columnsep=10.0pt
* \skip\footins=10.0pt plus 4.0pt minus 2.0pt
* \hoffset=0.0pt
* \voffset=0.0pt
* \mag=1000
* \@twocolumnfalse
* \@twosidefalse
* \@mparswitchfalse
* \@reversemarginfalse
* (1in=72.27pt=25.4mm, 1cm=28.453pt)


(c:/Users/JSchmidt/texlive/texlive/2025/texmf-dist/tex/context/base/mkii/supp-p
df.mkii
[Loading MPS to PDF converter (version 2006.09.02).]
\scratchcounter=\count377
\scratchdimen=\dimen319
\scratchbox=\box85
\nofMPsegments=\count378
\nofMParguments=\count379
\everyMPshowfont=\toks54
\MPscratchCnt=\count380
\MPscratchDim=\dimen320
\MPnumerator=\count381
\makeMPintoPDFobject=\count382
\everyMPtoPDFconversion=\toks55
)
(c:/Users/JSchmidt/texlive/texlive/2025/texmf-dist/tex/latex/epstopdf-pkg/epsto
pdf-base.sty
Package: epstopdf-base 2020-01-24 v2.11 Base part for package epstopdf
Package epstopdf-base Info: Redefining graphics rule for `.eps' on input line 4
85.

(c:/Users/JSchmidt/texlive/texlive/2025/texmf-dist/tex/latex/latexconfig/epstop
df-sys.cfg
File: epstopdf-sys.cfg 2010/07/13 v1.3 Configuration of (r)epstopdf for TeX Liv
e
))
Package hyperref Info: Link coloring OFF on input line 33.
 (./kubernetes.out) (./kubernetes.out)
\@outlinefile=\write5
\openout5 = `kubernetes.out'.

LaTeX Font Info:    Overwriting symbol font `operators' in version `normal'
(Font)                  OT1/cmr/m/n --> OT1/cmss/m/n on input line 33.
LaTeX Font Info:    Overwriting symbol font `operators' in version `bold'
(Font)                  OT1/cmr/bx/n --> OT1/cmss/b/n on input line 33.
\symnumbers=\mathgroup6
\sympureletters=\mathgroup7
LaTeX Font Info:    Overwriting math alphabet `\mathrm' in version `normal'
(Font)                  OT1/cmss/m/n --> OT1/cmr/m/n on input line 33.
LaTeX Font Info:    Redeclaring math alphabet \mathbf on input line 33.
LaTeX Font Info:    Overwriting math alphabet `\mathbf' in version `normal'
(Font)                  OT1/cmr/bx/n --> OT1/cmss/b/n on input line 33.
LaTeX Font Info:    Overwriting math alphabet `\mathbf' in version `bold'
(Font)                  OT1/cmr/bx/n --> OT1/cmss/b/n on input line 33.
LaTeX Font Info:    Redeclaring math alphabet \mathsf on input line 33.
LaTeX Font Info:    Overwriting math alphabet `\mathsf' in version `normal'
(Font)                  OT1/cmss/m/n --> OT1/cmss/m/n on input line 33.
LaTeX Font Info:    Overwriting math alphabet `\mathsf' in version `bold'
(Font)                  OT1/cmss/bx/n --> OT1/cmss/m/n on input line 33.
LaTeX Font Info:    Redeclaring math alphabet \mathit on input line 33.
LaTeX Font Info:    Overwriting math alphabet `\mathit' in version `normal'
(Font)                  OT1/cmr/m/it --> OT1/cmss/m/it on input line 33.
LaTeX Font Info:    Overwriting math alphabet `\mathit' in version `bold'
(Font)                  OT1/cmr/bx/it --> OT1/cmss/m/it on input line 33.
LaTeX Font Info:    Redeclaring math alphabet \mathtt on input line 33.
LaTeX Font Info:    Overwriting math alphabet `\mathtt' in version `normal'
(Font)                  OT1/cmtt/m/n --> OT1/cmtt/m/n on input line 33.
LaTeX Font Info:    Overwriting math alphabet `\mathtt' in version `bold'
(Font)                  OT1/cmtt/m/n --> OT1/cmtt/m/n on input line 33.
LaTeX Font Info:    Overwriting symbol font `numbers' in version `bold'
(Font)                  OT1/cmss/m/n --> OT1/cmss/b/n on input line 33.
LaTeX Font Info:    Overwriting symbol font `pureletters' in version `bold'
(Font)                  OT1/cmss/m/it --> OT1/cmss/b/it on input line 33.
LaTeX Font Info:    Overwriting math alphabet `\mathrm' in version `bold'
(Font)                  OT1/cmss/b/n --> OT1/cmr/b/n on input line 33.
LaTeX Font Info:    Overwriting math alphabet `\mathbf' in version `bold'
(Font)                  OT1/cmss/b/n --> OT1/cmss/b/n on input line 33.
LaTeX Font Info:    Overwriting math alphabet `\mathsf' in version `bold'
(Font)                  OT1/cmss/m/n --> OT1/cmss/b/n on input line 33.
LaTeX Font Info:    Overwriting math alphabet `\mathit' in version `bold'
(Font)                  OT1/cmss/m/it --> OT1/cmss/b/it on input line 33.
LaTeX Font Info:    Overwriting math alphabet `\mathtt' in version `bold'
(Font)                  OT1/cmtt/m/n --> OT1/cmtt/b/n on input line 33.
LaTeX Font Info:    Redeclaring symbol font `pureletters' on input line 33.
LaTeX Font Info:    Overwriting symbol font `pureletters' in version `normal'
(Font)                  OT1/cmss/m/it --> OT1/mathkerncmss/m/sl on input line 3
3.
LaTeX Font Info:    Overwriting symbol font `pureletters' in version `bold'
(Font)                  OT1/cmss/b/it --> OT1/mathkerncmss/m/sl on input line 3
3.
LaTeX Font Info:    Overwriting symbol font `pureletters' in version `bold'
(Font)                  OT1/mathkerncmss/m/sl --> OT1/mathkerncmss/bx/sl on inp
ut line 33.

(c:/Users/JSchmidt/texlive/texlive/2025/texmf-dist/tex/latex/translator/transla
tor-basic-dictionary-English.dict
Dictionary: translator-basic-dictionary, Language: English 
)
(c:/Users/JSchmidt/texlive/texlive/2025/texmf-dist/tex/latex/translator/transla
tor-bibliography-dictionary-English.dict
Dictionary: translator-bibliography-dictionary, Language: English 
)
(c:/Users/JSchmidt/texlive/texlive/2025/texmf-dist/tex/latex/translator/transla
tor-environment-dictionary-English.dict
Dictionary: translator-environment-dictionary, Language: English 
)
(c:/Users/JSchmidt/texlive/texlive/2025/texmf-dist/tex/latex/translator/transla
tor-months-dictionary-English.dict
Dictionary: translator-months-dictionary, Language: English 
)
(c:/Users/JSchmidt/texlive/texlive/2025/texmf-dist/tex/latex/translator/transla
tor-numbers-dictionary-English.dict
Dictionary: translator-numbers-dictionary, Language: English 
)
(c:/Users/JSchmidt/texlive/texlive/2025/texmf-dist/tex/latex/translator/transla
tor-theorem-dictionary-English.dict
Dictionary: translator-theorem-dictionary, Language: English 
)
(c:/Users/JSchmidt/texlive/texlive/2025/texmf-dist/tex/latex/ucs/ucsencs.def
File: ucsencs.def 2011/01/21 Fixes to fontencodings LGR, T3
)
\c@lstlisting=\count383

(./kubernetes.nav)

Package hyperref Warning: Option `pdfauthor' has already been used,
(hyperref)                setting the option has no effect on input line 39.

[1

{c:/Users/JSchmidt/texlive/texlive/2025/texmf-var/fonts/map/pdftex/updmap/pdfte
x.map}] [2

]
<progression-of-separation-1-users.drawio.png, id=69, 342.27875pt x 61.22874pt>

File: progression-of-separation-1-users.drawio.png Graphic file (type png)
<use progression-of-separation-1-users.drawio.png>
Package pdftex.def Info: progression-of-separation-1-users.drawio.png  used on 
input line 63.
(pdftex.def)             Requested size: 227.62204pt x 40.71939pt.
 [3

 <./progression-of-separation-1-users.drawio.png>]
<progression-of-separation-2-VMs.drawio.png, id=97, 342.27875pt x 292.09125pt>
File: progression-of-separation-2-VMs.drawio.png Graphic file (type png)
<use progression-of-separation-2-VMs.drawio.png>
Package pdftex.def Info: progression-of-separation-2-VMs.drawio.png  used on in
put line 67.
(pdftex.def)             Requested size: 227.62204pt x 194.2516pt.
 [4

 <./progression-of-separation-2-VMs.drawio.png>]
<progression-of-separation-3-containers.drawio.png, id=124, 342.27875pt x 292.0
9125pt>
File: progression-of-separation-3-containers.drawio.png Graphic file (type png)

<use progression-of-separation-3-containers.drawio.png>
Package pdftex.def Info: progression-of-separation-3-containers.drawio.png  use
d on input line 75.
(pdftex.def)             Requested size: 227.62204pt x 194.2516pt.
 [5

 <./progression-of-separation-3-containers.drawio.png>]
<progression-of-separation.drawio.png, id=152, 342.27875pt x 292.09125pt>
File: progression-of-separation.drawio.png Graphic file (type png)
<use progression-of-separation.drawio.png>
Package pdftex.def Info: progression-of-separation.drawio.png  used on input li
ne 80.
(pdftex.def)             Requested size: 227.62204pt x 194.2516pt.
 [6

 <./progression-of-separation.drawio.png>]
LaTeX Font Info:    Trying to load font information for U+msa on input line 90.


(c:/Users/JSchmidt/texlive/texlive/2025/texmf-dist/tex/latex/amsfonts/umsa.fd
File: umsa.fd 2013/01/14 v3.01 AMS symbols A
)
LaTeX Font Info:    Trying to load font information for U+msb on input line 90.


(c:/Users/JSchmidt/texlive/texlive/2025/texmf-dist/tex/latex/amsfonts/umsb.fd
File: umsb.fd 2013/01/14 v3.01 AMS symbols B
)
LaTeX Font Info:    Trying to load font information for OT1+mathkerncmss on inp
ut line 90.

(c:/Users/JSchmidt/texlive/texlive/2025/texmf-dist/tex/latex/sansmathaccent/ot1
mathkerncmss.fd
File: ot1mathkerncmss.fd 2020/01/31 Fontinst v1.933 font definitions for OT1/ma
thkerncmss.
) [7

] [8

] [9

] [10

] [11

] [12

] [13

]
<dockerfile-2.drawio.png, id=360, 543.02875pt x 397.485pt>
File: dockerfile-2.drawio.png Graphic file (type png)
<use dockerfile-2.drawio.png>
Package pdftex.def Info: dockerfile-2.drawio.png  used on input line 104.
(pdftex.def)             Requested size: 227.62204pt x 166.61504pt.
 [14

 <./dockerfile-2.drawio.png>]
<dockerfile-1.drawio.png, id=387, 543.02875pt x 397.485pt>
File: dockerfile-1.drawio.png Graphic file (type png)
<use dockerfile-1.drawio.png>
Package pdftex.def Info: dockerfile-1.drawio.png  used on input line 108.
(pdftex.def)             Requested size: 227.62204pt x 166.61504pt.
 [15

 <./dockerfile-1.drawio.png>]
<dockerfile.drawio.png, id=414, 543.02875pt x 397.485pt>
File: dockerfile.drawio.png Graphic file (type png)
<use dockerfile.drawio.png>
Package pdftex.def Info: dockerfile.drawio.png  used on input line 112.
(pdftex.def)             Requested size: 227.62204pt x 166.61504pt.
 [16

 <./dockerfile.drawio.png>] [17

]
\openout4 = `kubernetes.vrb'.


(./kubernetes.vrb) [18

]
<docker-command-to-docker-compose.drawio.png, id=493, 752.8125pt x 431.6125pt>
File: docker-command-to-docker-compose.drawio.png Graphic file (type png)
<use docker-command-to-docker-compose.drawio.png>
Package pdftex.def Info: docker-command-to-docker-compose.drawio.png  used on i
nput line 139.
(pdftex.def)             Requested size: 312.9803pt x 179.44513pt.

Overfull \hbox (5.69043pt too wide) in paragraph at lines 139--139
 [][] 
 []

[19

 <./docker-command-to-docker-compose.drawio.png>]
<compose-getting-complicated-1.drawio.png, id=521, 703.62875pt x 432.61626pt>
File: compose-getting-complicated-1.drawio.png Graphic file (type png)
<use compose-getting-complicated-1.drawio.png>
Package pdftex.def Info: compose-getting-complicated-1.drawio.png  used on inpu
t line 145.
(pdftex.def)             Requested size: 312.9803pt x 192.4311pt.

Overfull \hbox (5.69043pt too wide) in paragraph at lines 145--145
 [][] 
 []

[20

 <./compose-getting-complicated-1.drawio.png>]
<compose-getting-complicated.drawio.png, id=548, 703.62875pt x 432.61626pt>
File: compose-getting-complicated.drawio.png Graphic file (type png)
<use compose-getting-complicated.drawio.png>
Package pdftex.def Info: compose-getting-complicated.drawio.png  used on input 
line 149.
(pdftex.def)             Requested size: 312.9803pt x 192.4311pt.

Overfull \hbox (5.69043pt too wide) in paragraph at lines 149--149
 [][] 
 []

[21

 <./compose-getting-complicated.drawio.png>] [22

] [23

] [24

] [25

] [26

]
File: compose-getting-complicated.drawio.png Graphic file (type png)
<use compose-getting-complicated.drawio.png>
Package pdftex.def Info: compose-getting-complicated.drawio.png  used on input 
line 169.
(pdftex.def)             Requested size: 312.9803pt x 192.4311pt.

Overfull \hbox (5.69043pt too wide) in paragraph at lines 169--169
 [][] 
 []

[27

]
<building-a-kubernetes.drawio.png, id=728, 704.6325pt x 714.67pt>
File: building-a-kubernetes.drawio.png Graphic file (type png)
<use building-a-kubernetes.drawio.png>
Package pdftex.def Info: building-a-kubernetes.drawio.png  used on input line 1
73.
(pdftex.def)             Requested size: 227.62204pt x 230.85825pt.
 [28

 <./building-a-kubernetes.drawio.png>]
<building-a-kubernetes-1.drawio.png, id=755, 995.72pt x 714.67pt>
File: building-a-kubernetes-1.drawio.png Graphic file (type png)
<use building-a-kubernetes-1.drawio.png>
Package pdftex.def Info: building-a-kubernetes-1.drawio.png  used on input line
 177.
(pdftex.def)             Requested size: 312.9803pt x 224.64241pt.

Overfull \hbox (5.69043pt too wide) in paragraph at lines 177--177
 [][] 
 []

[29

 <./building-a-kubernetes-1.drawio.png>]
<building-a-kubernetes-2.drawio.png, id=782, 1044.90375pt x 713.66624pt>
File: building-a-kubernetes-2.drawio.png Graphic file (type png)
<use building-a-kubernetes-2.drawio.png>
Package pdftex.def Info: building-a-kubernetes-2.drawio.png  used on input line
 181.
(pdftex.def)             Requested size: 312.9803pt x 213.76393pt.

Overfull \hbox (5.69043pt too wide) in paragraph at lines 181--181
 [][] 
 []

[30

 <./building-a-kubernetes-2.drawio.png>]
<building-a-kubernetes-3.drawio.png, id=810, 743.77875pt x 713.66624pt>
File: building-a-kubernetes-3.drawio.png Graphic file (type png)
<use building-a-kubernetes-3.drawio.png>
Package pdftex.def Info: building-a-kubernetes-3.drawio.png  used on input line
 185.
(pdftex.def)             Requested size: 256.0748pt x 245.71419pt.

Overfull \vbox (0.44107pt too high) detected at line 185
 []

[31

 <./building-a-kubernetes-3.drawio.png>]
<building-a-kubernetes-4.drawio.png, id=838, 743.77875pt x 713.66624pt>
File: building-a-kubernetes-4.drawio.png Graphic file (type png)
<use building-a-kubernetes-4.drawio.png>
Package pdftex.def Info: building-a-kubernetes-4.drawio.png  used on input line
 189.
(pdftex.def)             Requested size: 256.0748pt x 245.71419pt.

Overfull \vbox (0.44107pt too high) detected at line 189
 []

[32

 <./building-a-kubernetes-4.drawio.png>]
<building-a-kubernetes-5.drawio.png, id=865, 974.64125pt x 713.66624pt>
File: building-a-kubernetes-5.drawio.png Graphic file (type png)
<use building-a-kubernetes-5.drawio.png>
Package pdftex.def Info: building-a-kubernetes-5.drawio.png  used on input line
 193.
(pdftex.def)             Requested size: 312.9803pt x 229.1728pt.

Overfull \hbox (5.69043pt too wide) in paragraph at lines 193--193
 [][] 
 []

[33

 <./building-a-kubernetes-5.drawio.png>]
<building-a-kubernetes-6.drawio.png, id=892, 974.64125pt x 470.75874pt>
File: building-a-kubernetes-6.drawio.png Graphic file (type png)
<use building-a-kubernetes-6.drawio.png>
Package pdftex.def Info: building-a-kubernetes-6.drawio.png  used on input line
 197.
(pdftex.def)             Requested size: 312.9803pt x 151.17024pt.

Overfull \hbox (5.69043pt too wide) in paragraph at lines 197--197
 [][] 
 []

[34

 <./building-a-kubernetes-6.drawio.png>]
<building-a-kubernetes-7.drawio.png, id=920, 984.67876pt x 470.75874pt>
File: building-a-kubernetes-7.drawio.png Graphic file (type png)
<use building-a-kubernetes-7.drawio.png>
Package pdftex.def Info: building-a-kubernetes-7.drawio.png  used on input line
 201.
(pdftex.def)             Requested size: 312.9803pt x 149.63304pt.

Overfull \hbox (5.69043pt too wide) in paragraph at lines 201--201
 [][] 
 []

[35

 <./building-a-kubernetes-7.drawio.png>]
<building-a-kubernetes-8.drawio.png, id=947, 984.67876pt x 430.60875pt>
File: building-a-kubernetes-8.drawio.png Graphic file (type png)
<use building-a-kubernetes-8.drawio.png>
Package pdftex.def Info: building-a-kubernetes-8.drawio.png  used on input line
 205.
(pdftex.def)             Requested size: 312.9803pt x 136.87115pt.

Overfull \hbox (5.69043pt too wide) in paragraph at lines 205--205
[][]  
 []

[36

 <./building-a-kubernetes-8.drawio.png>]
<final-deployment.drawio.png, id=974, 589.20125pt x 573.14125pt>
File: final-deployment.drawio.png Graphic file (type png)
<use final-deployment.drawio.png>
Package pdftex.def Info: final-deployment.drawio.png  used on input line 211.
(pdftex.def)             Requested size: 227.62204pt x 221.41653pt.
 [37

 <./final-deployment.drawio.png>]
<final-deployment-1.drawio.png, id=1002, 589.20125pt x 573.14125pt>
File: final-deployment-1.drawio.png Graphic file (type png)
<use final-deployment-1.drawio.png>
Package pdftex.def Info: final-deployment-1.drawio.png  used on input line 216.

(pdftex.def)             Requested size: 227.62204pt x 221.41653pt.
 [38

 <./final-deployment-1.drawio.png>] [39

] [40

] [41

] [42

] [43

] [44

] [45

]
[46

] [47

] [48

] [49

] [50

] [51

] [52

] [53

]
<what_look_like.drawio.png, id=1411, 382.42876pt x 61.22874pt>
File: what_look_like.drawio.png Graphic file (type png)
<use what_look_like.drawio.png>
Package pdftex.def Info: what_look_like.drawio.png  used on input line 257.
(pdftex.def)             Requested size: 227.62204pt x 36.44322pt.
 [54

 <./what_look_like.drawio.png>]
<what_look_like-1.drawio.png, id=1438, 432.61626pt x 323.2075pt>
File: what_look_like-1.drawio.png Graphic file (type png)
<use what_look_like-1.drawio.png>
Package pdftex.def Info: what_look_like-1.drawio.png  used on input line 261.
(pdftex.def)             Requested size: 227.62204pt x 170.05635pt.

[55

 <./what_look_like-1.drawio.png>]
<what_look_like-3.drawio.png, id=1467, 432.61626pt x 323.2075pt>
File: what_look_like-3.drawio.png Graphic file (type png)
<use what_look_like-3.drawio.png>
Package pdftex.def Info: what_look_like-3.drawio.png  used on input line 266.
(pdftex.def)             Requested size: 227.62204pt x 170.05635pt.
 [56

 <./what_look_like-3.drawio.png>]
[57

]
\tf@nav=\write6
\openout6 = `kubernetes.nav'.

\tf@toc=\write7
\openout7 = `kubernetes.toc'.

\tf@snm=\write8
\openout8 = `kubernetes.snm'.

 (./kubernetes.aux)
 ***********
LaTeX2e <2025-11-01>
L3 programming layer <2025-12-29>
 ***********
Package rerunfilecheck Info: File `kubernetes.out' has not changed.
(rerunfilecheck)             Checksum: D41D8CD98F00B204E9800998ECF8427E;0.
 ) 
Here is how much of TeX's memory you used:
 26731 strings out of 467538
 525736 string characters out of 5411742
 896233 words of memory out of 5000000
 55017 multiletter control sequences out of 15000+600000
 635457 words of font info for 68 fonts, out of 8000000 for 9000
 1141 hyphenation exceptions out of 8191
 128i,14n,123p,403b,1209s stack positions out of 10000i,1000n,20000p,200000b,200000s
<c:/Users/JSchmidt/texlive/texlive/2025/texmf-dist/fonts/type1/public/amsfont
s/cm/cmss10.pfb><c:/Users/JSchmidt/texlive/texlive/2025/texmf-dist/fonts/type1/
public/amsfonts/cm/cmss12.pfb><c:/Users/JSchmidt/texlive/texlive/2025/texmf-dis
t/fonts/type1/public/amsfonts/cm/cmss8.pfb><c:/Users/JSchmidt/texlive/texlive/2
025/texmf-dist/fonts/type1/public/amsfonts/cm/cmssbx10.pfb><c:/Users/JSchmidt/t
exlive/texlive/2025/texmf-dist/fonts/type1/public/amsfonts/cm/cmssi10.pfb><c:/U
sers/JSchmidt/texlive/texlive/2025/texmf-dist/fonts/type1/public/amsfonts/cm/cm
sy10.pfb><c:/Users/JSchmidt/texlive/texlive/2025/texmf-dist/fonts/type1/public/
amsfonts/cm/cmtt10.pfb><c:/Users/JSchmidt/texlive/texlive/2025/texmf-dist/fonts
/type1/public/amsfonts/symbols/msam10.pfb>
Output written on kubernetes.pdf (57 pages, 760310 bytes).
PDF statistics:
 1582 PDF objects out of 1728 (max. 8388607)
 1438 compressed objects within 15 object streams
 115 named destinations out of 1000 (max. 500000)
 163 words of extra memory for PDF output out of 10000 (max. 10000000)

